// Jest Snapshot v1, https://goo.gl/fbAQLP

exports[`utils requestToPlainObject returns serialized request object 1`] = `
Object {
  "body": Object {
    "foo": "bar",
  },
  "headers": Object {
    "header": "header",
  },
  "method": "GET",
  "path": "/some/path",
  "query": Object {
    "foo": "bar",
  },
  "rawBody": "{\\"foo\\":\\"bar\\"}",
  "type": "xhr",
  "url": "http://example.com:8000/some/path?foo=bar#baz",
}
`;
